[ronawind.com/index.html]
[backblue.gif]
[fade.gif]
[index.html]
[ronawind.com/wp-content/themes/dwarven_skykeep_release/dwarven_skykeep/media/favicon/apple-touch-icon.png]
[ronawind.com/wp-content/themes/dwarven_skykeep_release/dwarven_skykeep/media/favicon/favicon-32x32.png]
[ronawind.com/wp-content/themes/dwarven_skykeep_release/dwarven_skykeep/media/favicon/favicon-16x16.png]
[ronawind.com/wp-content/themes/dwarven_skykeep_release/dwarven_skykeep/media/favicon/site.webmanifest]
[ronawind.com/images/favicon/safari-pinned-tab.svg]
[ronawind.com/wp-content/themes/dwarven_skykeep_release/dwarven_skykeep/fonts/ModerDOS437Win.woff]
[ronawind.com/wp-content/themes/dwarven_skykeep_release/dwarven_skykeep/fonts/Montserrat-Medium.woff]
[ronawind.com/wp-content/themes/dwarven_skykeep_release/dwarven_skykeep/fonts/Montserrat-Regular.woff]
[ronawind.com/wp-content/cache/wmac/css/wmac_7d3cf4015eef87c0e035f113812310b4.css]
[ronawind.com/xmlrpc0db0.php]
[ronawind.com/wp-includes/wlwmanifest.xml]
[ronawind.com/wp-json/index.html]
[ronawind.com/wp-content/themes/dwarven_skykeep_release/dwarven_skykeep/media/vp1-bg-m.gif]
[ronawind.com/wp-content/themes/dwarven_skykeep_release/dwarven_skykeep/media/logo_game.png]
[ronawind.com/beta/Ronawind Setup - V5.5.1.rar]
[ronawind.com/wp-content/themes/dwarven_skykeep_release/dwarven_skykeep/media/vp1-bottom.png]
[ronawind.com/wp-content/themes/dwarven_skykeep_release/dwarven_skykeep/media/vp2-bg.png]
[ronawind.com/wp-content/themes/dwarven_skykeep_release/dwarven_skykeep/media/part-divider.png]
[ronawind.com/wp-content/themes/dwarven_skykeep_release/dwarven_skykeep/media/vp3-top.png]
[ronawind.com/wp-content/themes/dwarven_skykeep_release/dwarven_skykeep/media/vp2-dwarv.gif]
[ronawind.com/wp-content/themes/dwarven_skykeep_release/dwarven_skykeep/media/vp3-bg.png]
[ronawind.com/wp-content/themes/dwarven_skykeep_release/dwarven_skykeep/media/gallery/1.png]
[ronawind.com/wp-content/themes/dwarven_skykeep_release/dwarven_skykeep/media/gallery-frame.png]
[ronawind.com/wp-content/themes/dwarven_skykeep_release/dwarven_skykeep/media/gallery/2.png]
[ronawind.com/wp-content/themes/dwarven_skykeep_release/dwarven_skykeep/media/gallery/3.png]
[ronawind.com/wp-content/themes/dwarven_skykeep_release/dwarven_skykeep/media/gallery/4.png]
[ronawind.com/wp-content/themes/dwarven_skykeep_release/dwarven_skykeep/media/gallery/5.png]
[ronawind.com/wp-content/themes/dwarven_skykeep_release/dwarven_skykeep/media/gallery/6.png]
[ronawind.com/wp-content/themes/dwarven_skykeep_release/dwarven_skykeep/media/gallery/7.png]
[ronawind.com/wp-content/themes/dwarven_skykeep_release/dwarven_skykeep/media/f1.gif]
[ronawind.com/wp-content/themes/dwarven_skykeep_release/dwarven_skykeep/media/f2.gif]
[ronawind.com/wp-content/themes/dwarven_skykeep_release/dwarven_skykeep/media/f3.gif]
[ronawind.com/wp-content/themes/dwarven_skykeep_release/dwarven_skykeep/media/vp3-bottom.gif]
[ronawind.com/wp-content/themes/dwarven_skykeep_release/dwarven_skykeep/media/vp4-bg.png]
[dwarven-skykeep.com/wp-content/themes/dwarven_skykeep_release/dwarven_skykeep/media/input-submit.png]
[ronawind.com/wp-content/themes/dwarven_skykeep_release/dwarven_skykeep/media/input-field.png]
[ronawind.com/privacy/index.html]
[ronawind.com/wp-content/themes/dwarven_skykeep_release/dwarven_skykeep/media/footer-bg-top.png]
[ronawind.com/wp-content/themes/dwarven_skykeep_release/dwarven_skykeep/media/footer-bg-dirt.png]
[ronawind.com/tos/index.html]
[ronawind.com/cdn-cgi/scripts/5c5dd728/cloudflare-static/email-decode.min.js]
[ronawind.com/index.html]
[ronawind.com/wp-content/themes/dwarven_skykeep_release/dwarven_skykeep/media/favicon/site.html]
[ronawind.com/images/favicon/safari-pinned-tab.svg]
[ronawind.com/wp-content/cache/wmac/css/wmac_7d3cf4015eef87c0e035f113812310b4.css]
[www.googletagmanager.com/gtm5445.html]
[ronawind.com/wp-json/index.html]
[ronawind.com/xmlrpc0db0.html]
[ronawind.com/wp-includes/wlwmanifest.html]
[ronawind.com/wp-content/cache/wmac/js/wmac_bcd192b8f09ce3a874aa737cb519495d.js]
[ronawind.com/privacy/style.css]
[www.google-analytics.com/analytics.js]
[ronawind.com/privacy/index.html]
[ronawind.com/tos/index.html]
[s3.amazonaws.com/Ronawind/favicons/android-chrome-144x144.png]
[s3.amazonaws.com/Ronawind/favicons/android-chrome-192x192.png]
[s3.amazonaws.com/Ronawind/favicons/android-chrome-36x36.png]
[s3.amazonaws.com/Ronawind/favicons/android-chrome-48x48.png]
[s3.amazonaws.com/Ronawind/favicons/android-chrome-72x72.png]
[s3.amazonaws.com/Ronawind/favicons/android-chrome-96x96.png]
[s3.amazonaws.com/Ronawind/favicons/apple-touch-icon-114x114.png]
[s3.amazonaws.com/Ronawind/favicons/apple-touch-icon-120x120.png]
[s3.amazonaws.com/Ronawind/favicons/apple-touch-icon-144x144.png]
[s3.amazonaws.com/Ronawind/favicons/apple-touch-icon-152x152.png]
[s3.amazonaws.com/Ronawind/favicons/apple-touch-icon-180x180.png]
[s3.amazonaws.com/Ronawind/favicons/apple-touch-icon-57x57.png]
[s3.amazonaws.com/Ronawind/favicons/apple-touch-icon-60x60.png]
[s3.amazonaws.com/Ronawind/favicons/apple-touch-icon-72x72.png]
[s3.amazonaws.com/Ronawind/favicons/apple-touch-icon-76x76.png]
[s3.amazonaws.com/Ronawind/favicons/apple-touch-icon-precomposed.png]
[s3.amazonaws.com/Ronawind/favicons/apple-touch-icon.png]
[s3.amazonaws.com/Ronawind/favicons/favicon-16x16.png]
[s3.amazonaws.com/Ronawind/favicons/favicon-32x32.png]
[s3.amazonaws.com/Ronawind/favicons/favicon-96x96.png]
[s3.amazonaws.com/Ronawind/favicons/mstile-144x144.png]
[s3.amazonaws.com/Ronawind/favicons/mstile-150x150.png]
[s3.amazonaws.com/Ronawind/favicons/mstile-310x310.png]
[s3.amazonaws.com/Ronawind/favicons/mstile-310x150.png]
[s3.amazonaws.com/Ronawind/favicons/mstile-70x70.png]
[ronawind.com/tos/style.css]
[ronawind.com/privacy/css/fonts/Lato-Light.ttf]
[ronawind.com/privacy/css/fonts/Lato-Regular.ttf]
[ronawind.com/privacy/css/fonts/Lato-Bold.ttf]
[ronawind.com/fonts/glyphicons-halflings-regular.4a.delayed]
[ronawind.com/fonts/glyphicons-halflings-regulard41d.eot]
[ronawind.com/fonts/glyphicons-halflings-regular.woff]
[ronawind.com/fonts/glyphicons-halflings-regular.ttf]
[ronawind.com/fonts/glyphicons-halflings-regular.svg]
[ronawind.com/fonts/ionicons28b5.eot]
[ronawind.com/fonts/ionicons28b5.ttf]
[ronawind.com/fonts/ionicons28b5.woff]
[ronawind.com/fonts/ionicons28b5.svg]
[ronawind.com/privacy/style.css]
[ronawind.com/tos/css/fonts/Lato-Regular.ttf]
[ronawind.com/tos/css/fonts/Lato-Light.ttf]
[ronawind.com/tos/style.css]
[ronawind.com/fonts/glyphicons-halflings-regular.html]
[ronawind.com/fonts/glyphicons-halflings-regulard41d.html]
[ronawind.com/fonts/glyphicons-halflings-regular-2.html]
[ronawind.com/fonts/glyphicons-halflings-regular-3.html]
[ronawind.com/fonts/glyphicons-halflings-regular-4.html]
[ronawind.com/fonts/ionicons28b5.html]
[ronawind.com/fonts/ionicons28b5-2.html]
[ronawind.com/fonts/ionicons28b5-3.html]
[ronawind.com/fonts/ionicons28b5-4.html]
[ronawind.com/tos/css/fonts/Lato-Bold.ttf]
